Open Watcom Linker Version 2.0 beta Aug 23 2019 01:32:01 (32-bit)
Copyright (c) 2002-2019 The Open Watcom Contributors. All Rights Reserved.
Portions Copyright (c) 1985-2002 Sybase, Inc. All Rights Reserved.
Created on:       19/08/28 15:27:24
Executable Image: arq.exe
creating a Windows NT character-mode executable


                        +------------+
                        |   Groups   |
                        +------------+

Group                           Address              Size
=====                           =======              ====

.idata                          0040c000             00000442
DGROUP                          0040d000             00003809



                        +--------------+
                        |   Segments   |
                        +--------------+

Segment                Class          Group          Address         Size
=======                =====          =====          =======         ====

BEGTEXT                CODE           AUTO           00401000        00000007
_TEXT                  CODE           AUTO           00401010        0000a387
TRANSFER CODE          CODE           AUTO           0040b398        000000ea
.idata                 .idata         .idata         0040c000        00000442
_NULL                  BEGDATA        DGROUP         0040d000        00000004
_AFTERNULL             BEGDATA        DGROUP         0040d004        00000000
CONST                  DATA           DGROUP         0040d004        00000344
CONST2                 DATA           DGROUP         0040d350        000005c0
_DATA                  DATA           DGROUP         0040d910        0000193c
XIB                    DATA           DGROUP         0040f24c        00000000
XI                     DATA           DGROUP         0040f24c        00000042
XIE                    DATA           DGROUP         0040f28e        00000000
YIB                    DATA           DGROUP         0040f28e        00000000
YI                     DATA           DGROUP         0040f28e        00000024
YIE                    DATA           DGROUP         0040f2b2        00000000
TIB                    DATA           DGROUP         0040f2b2        00000000
TI                     DATA           DGROUP         0040f2b2        00000000
TIE                    DATA           DGROUP         0040f2b2        00000000
DATA                   DATA           DGROUP         0040f2b2        00000000
_BSS                   BSS            DGROUP         00410000        00000809


                        +----------------+
                        |   Memory Map   |
                        +----------------+

* = unreferenced symbol
+ = symbol only referenced locally

Address        Symbol
=======        ======

Module: main.obj(C:\users\salpicon\proyecto\arq\main.cpp)
004017c7+      __near std::allocator<char __near >::~allocator()
004017fa+      __near std::basic_string<char __near,std::char_traits<char __near > __near,std::allocator<char __near > __near >::basic_string( std::basic_string<char __near,std::char_traits<char __near > __near,std::allocator<char __near > __near > const __near & )
004018fb+      __near std::basic_string<char __near,std::char_traits<char __near > __near,std::allocator<char __near > __near >::~basic_string()
0040d390+      int unsigned const __near std::basic_string<char __near,std::char_traits<char __near > __near,std::allocator<char __near > __near >::npos
004019c2+      char __near * __near std::basic_string<char __near,std::char_traits<char __near > __near,std::allocator<char __near > __near >::alloc( int unsigned, int unsigned __near & )
00401010       main_
Module: C:\WATCOM\lib386\nt\clib3r.lib(stkwnt.asm)
00401a41       __CHK
00401a51*      __STK
00401a80*      __GRO
00401a70*      __STKOVERFLOW_
00401aa0*      __alloca_probe
Module: C:\WATCOM\lib386\nt\plbx3r.lib(ioicout.cpp)
00410038       std::ostream __near std::cout
00401b14+      __near cout_initfini::cout_initfini()
00401b1c+      __near cout_initfini::~cout_initfini()
Module: C:\WATCOM\lib386\nt\plbx3r.lib(iofoutfl.cpp)
00401b50       std::ostream __near & __near std::ostream::__outfloat( long double const __near & )
Module: C:\WATCOM\lib386\nt\plbx3r.lib(ostincch.cpp)
00401ea0       std::ostream __near & __near std::ostream::operator <<( char const __near * )
Module: C:\WATCOM\lib386\nt\plbx3r.lib(ostinslo.cpp)
00401f20       std::ostream __near & __near std::ostream::operator <<( long )
Module: C:\WATCOM\lib386\nt\plbx3r.lib(FSHAND)
00402006       ___wcpp_4_fs_handler_
Module: C:\WATCOM\lib386\nt\clib3r.lib(memcpy.c)
00402020       memcpy_
Module: C:\WATCOM\lib386\nt\plbx3r.lib(opdel.cpp)
00402040       void __near operator delete( void __near * )
Module: C:\WATCOM\lib386\nt\plbx3r.lib(opnew.cpp)
00402050       void __near * __near operator new( int unsigned )
Module: C:\WATCOM\lib386\nt\clib3r.lib(cstrtwnt)
004020a0       _cstart_
004020a0*      mainCRTStartup
Module: C:\WATCOM\lib386\nt\clib3r.lib(fltused.c)
0040db0c       _fltused_
Module: C:\WATCOM\lib386\nt\plbx3r.lib(iofefg.cpp)
0040f25e       __ppfltused_
Module: C:\WATCOM\lib386\emu387.lib(386stub.asm)
0040215c       __init_387_emulator
0040215d*      __fini_387_emulator
Module: C:\WATCOM\lib386\nt\clib3r.lib(_8087386.asm)
0040db10       __8087
0040db11       __real87
Module: C:\WATCOM\lib386\nt\plbx3r.lib(cppdata.cpp)
00410074       __wint_thread_data
00410098       __compiled_under_NT
Module: C:\WATCOM\lib386\nt\plbx3r.lib(fsroot.cpp)
0040f270       ___wcpp_4_data_init_fs_root_
Module: C:\WATCOM\lib386\nt\clib3r.lib(xmsgwnt.c)
00402170       __exit_with_msg_
004021d0       __fatal_runtime_error_
Module: C:\WATCOM\lib386\nt\clib3r.lib(snglthrd.c)
0040db14       ___FirstThreadData
0040db18       ___GetThreadPtr
Module: C:\WATCOM\lib386\nt\plbx3r.lib(undefed.cpp)
00402200       __wcpp_4_undefed_cdtor__
Module: C:\WATCOM\lib386\nt\clib3r.lib(iobaddr.c)
00402210       __get_std_stream_
00402210*      __get_std_file_
Module: C:\WATCOM\lib386\nt\plbx3r.lib(sdfconfp.cpp)
00402230       __near stdiobuf::stdiobuf( __iobuf __near * )
Module: C:\WATCOM\lib386\nt\plbx3r.lib(stablcl.cpp)
00402240       __wcpp_4_lcl_register__
Module: C:\WATCOM\lib386\nt\plbx3r.lib(ostconsf.cpp)
00402250       __near std::ostream::ostream( std::streambuf __near * )
Module: C:\WATCOM\lib386\nt\plbx3r.lib(ostflush.cpp)
00402310       std::ostream __near & __near std::ostream::flush()
Module: C:\WATCOM\lib386\nt\plbx3r.lib(ostdestr.cpp)
00402350       __near std::ostream::~ostream()
Module: C:\WATCOM\lib386\nt\plbx3r.lib(sdfdestr.cpp)
00402420       __near stdiobuf::~stdiobuf()
Module: C:\WATCOM\lib386\nt\plbx3r.lib(moddtorr.cpp)
0040f294       ___wcpp_4_data_module_dtor_ref_
Module: C:\WATCOM\lib386\nt\plbx3r.lib(iofnoefg.cpp)
0040db44       ___EFG_cnvs2d
0040db48       ___EFG_cnvd2f
0040db4c       ___EFG_cvtld
0040db50       ___EFG_cnvd2ld
Module: C:\WATCOM\lib386\nt\plbx3r.lib(opnewarr.cpp)
00402510       void __near * __near operator new []( int unsigned )
Module: C:\WATCOM\lib386\nt\clib3r.lib(memset.c)
00402520       memset_
Module: C:\WATCOM\lib386\nt\plbx3r.lib(ostopfx.cpp)
00402540       int __near std::ostream::do_opfx()
Module: C:\WATCOM\lib386\nt\plbx3r.lib(iouwrtit.cpp)
004025b0       int __near __WATCOM_ios::writeitem( std::ostream __near &, char const __near *, int, int )
Module: C:\WATCOM\lib386\nt\plbx3r.lib(iossetst.cpp)
00402930+      __near std::ios::failure::failure( std::ios::failure const __near & )
00402940+      __near std::ios::failure::~failure()
00402950+      __near __WATCOM_exception::__WATCOM_exception( __WATCOM_exception const __near & )
00402960+      __near __WATCOM_exception::~__WATCOM_exception()
00402900       void __near std::ios::setstate( int )
Module: C:\WATCOM\lib386\nt\plbx3r.lib(opdelarr.cpp)
00402970       void __near operator delete []( void __near * )
Module: C:\WATCOM\lib386\nt\plbx3r.lib(ioufgtba.cpp)
00402980       int __near __FlagsToBase( long )
Module: C:\WATCOM\lib386\nt\clib3r.lib(ltoa.c)
004029b0       ultoa_
00402a00       ltoa_
Module: C:\WATCOM\lib386\nt\plbx3r.lib(ostinulo.cpp)
00402a30       std::ostream __near & __near std::ostream::operator <<( long unsigned )
Module: C:\WATCOM\lib386\nt\plbx3r.lib(fsregist.cpp)
00402ba0+      __wcpp_4_dispatch_dummy__
00402bc4       __wcpp_4_fs_lookup__
00402c74       ___wcpp_4_fs_handler_rtn_
Module: C:\WATCOM\lib386\nt\clib3r.lib(nfree.c)
00402d50       _nfree_
00402d50       free_
0041009c       ___MiniHeapFreeRover
Module: C:\WATCOM\lib386\nt\clib3r.lib(nmalloc.c)
00402e50       _nmalloc_
00402e50       malloc_
0040db88       ___nheapbeg
0040db8c       ___MiniHeapRover
0040db90       ___LargestSizeB4MiniHeapRover
Module: C:\WATCOM\lib386\nt\clib3r.lib(main2wnt.c)
00402f40       __NTMain
Module: C:\WATCOM\lib386\nt\clib3r.lib(segdefns)
00401003       ___begtext
0040d000*      __nullarea
0040f24c       __Start_XI
0040f28e       __End_XI
0040f28e       __Start_YI
0040f2b2       __End_YI
Module: C:\WATCOM\lib386\nt\clib3r.lib(setefg.c)
00402fa0       __setEFGfmt_
Module: C:\WATCOM\lib386\math387r.lib(cnvs2d.c)
00402fb5       __cnvs2d_
Module: C:\WATCOM\lib386\math387r.lib(cnvd2f.c)
00402fc3       __cnvd2f_
Module: C:\WATCOM\lib386\math387r.lib(ldcvt.c)
00403115       _LDScale10x_
004036bc       __cvtld_
004036bc       __LDcvt_
Module: C:\WATCOM\lib386\math387r.lib(cnvd2ld.c)
00403b09       __cnvd2ld_
Module: C:\WATCOM\lib386\nt\clib3r.lib(chk8087.c)
00403b30*      _fpreset_
00403b70       __chk8087_
00403b80*      __init_8087_
Module: C:\WATCOM\lib386\nt\clib3r.lib(crwdata)
0040dc7d       __osmajor
0040dc7e       __osminor
0040dc44       __LpCmdLine
0040dc48       __LpPgmName
0040dc3c*      __dynend
0040dc40       __curbrk
0040dc6c       __cbyte
0040dc70*      __cbyte2
0040dc74*      __child
0040dc79       __Envptr
0040dc7f       __osbuild
0040dc81       __osver
0040dc85       __winmajor
0040dc89       __winminor
0040dc8d       __winver
0040dc4c       __LpDllName
0040dc50       __LpwCmdLine
0040dc54       __LpwPgmName
0040dc58       __LpwDllName
0040dc5c*      __STACKLOW
0040dc60       __STACKTOP
0040dc64       __ASTACKSIZ
0040dc68       __ASTACKPTR
0040dc78       __no87
0040dc91       ___FPE_handler
Module: C:\WATCOM\lib386\nt\clib3r.lib(mainwnt.c)
0040dc98*      ___TlsIndex
0040dc9c       __AccessFileH
0040dca0       __ReleaseFileH
0040dca4       __AccessIOB
0040dca8       __ReleaseIOB
0040dcac       __AccessNHeap
0040dcb0*      __AccessFHeap
0040dcb4       __ReleaseNHeap
0040dcb8*      __ReleaseFHeap
0040dcbc*      __AccessTDList
0040dcc0*      __ReleaseTDList
00403c00*      __threadid_
00403c20+      __NTInit_
00403e40+      __NTFini_
00403ec0       __NTMainInit_
00403f20       __exit_
0040dcc4       __AccessFList
0040dcc8       __ReleaseFList
0040dccc+      __ThreadExitRtn
0040dcd0       ___sig_init_rtn
0040dcd4       ___sig_fini_rtn
0040dcd8       ___process_fini
004100a8       ___Is_DLL
Module: C:\WATCOM\lib386\nt\clib3r.lib(enterdb.c)
00403f70       __EnterWVIDEO_
0040dcdc+      ___WD_Present
Module: C:\WATCOM\lib386\nt\plbx3r.lib(fatalerr.cpp)
00403fa0       __wcpp_4_fatal_runtime_error__
Module: C:\WATCOM\lib386\nt\clib3r.lib(iob.c)
0040dce0       ___iob
004106c4       ___OpenStreams
004106c8       ___ClosedStreams
Module: C:\WATCOM\lib386\nt\plbx3r.lib(stfdsgtn.cpp)
00403fc0       int __near std::streambuf::do_sgetn( char __near *, int )
Module: C:\WATCOM\lib386\nt\plbx3r.lib(vfun_err.cpp)
00404040       __wcpp_4_undef_vfun__
Module: C:\WATCOM\lib386\nt\plbx3r.lib(stfdspun.cpp)
00404070       int __near std::streambuf::do_sputn( char const __near *, int )
Module: C:\WATCOM\lib386\nt\plbx3r.lib(stfpbfai.cpp)
00404110       int __near std::streambuf::pbackfail( int )
Module: C:\WATCOM\lib386\nt\plbx3r.lib(sdfoverf.cpp)
00404120       int __near stdiobuf::overflow( int )
Module: C:\WATCOM\lib386\nt\plbx3r.lib(sdfundrf.cpp)
00404280       int __near stdiobuf::underflow()
Module: C:\WATCOM\lib386\nt\plbx3r.lib(stfsbuf.cpp)
004043a0       std::streambuf __near * __near std::streambuf::setbuf( char __near *, int )
Module: C:\WATCOM\lib386\nt\plbx3r.lib(stfseeko.cpp)
004043f0       long __near std::streambuf::seekoff( long, int, int )
Module: C:\WATCOM\lib386\nt\plbx3r.lib(stfseekp.cpp)
00404400       long __near std::streambuf::seekpos( long, int )
Module: C:\WATCOM\lib386\nt\plbx3r.lib(sdfsync.cpp)
00404410       int __near stdiobuf::sync()
Module: C:\WATCOM\lib386\nt\plbx3r.lib(stfdoall.cpp)
00404440       int __near std::streambuf::doallocate()
Module: C:\WATCOM\lib386\nt\plbx3r.lib(stfconde.cpp)
00404480       __near std::streambuf::streambuf()
Module: C:\WATCOM\lib386\nt\plbx3r.lib(stabmod.cpp)
004044d0       __wcpp_4_module_dtor__
004044fc       __wcpp_4_mod_register__
Module: C:\WATCOM\lib386\nt\plbx3r.lib(iosinit.cpp)
00404510       void __near std::ios::init( std::streambuf __near * )
Module: C:\WATCOM\lib386\nt\plbx3r.lib(iosconde.cpp)
00404560       __near std::ios::ios()
Module: C:\WATCOM\lib386\nt\plbx3r.lib(iosdestr.cpp)
00404570       __near std::ios::~ios()
Module: C:\WATCOM\lib386\nt\plbx3r.lib(stfsync.cpp)
00404600       int __near std::streambuf::sync()
Module: C:\WATCOM\lib386\nt\plbx3r.lib(dtorarst.cpp)
00404640       __wcpp_4_dtor_array_store__
Module: C:\WATCOM\lib386\nt\plbx3r.lib(stfdestr.cpp)
00404670       __near std::streambuf::~streambuf()
Module: C:\WATCOM\lib386\nt\clib3r.lib(__stos.asm)
00404690       __STOSB
004046ca*      __STOSD
Module: C:\WATCOM\lib386\nt\clib3r.lib(flush.c)
00404740       __flush_
Module: C:\WATCOM\lib386\nt\plbx3r.lib(iosfail.cpp)
00404840       __near std::ios::failure::failure( int )
Module: C:\WATCOM\lib386\nt\plbx3r.lib(stabthrw.cpp)
00404f70+      __near std::exception::exception()
00404fc0+      __near std::exception::exception( std::exception const __near & )
00405010+      __near std::exception::exception( char const __near * )
00405060+      __near std::exception::~exception()
004050f0+      char const __near * __near std::exception::what() const
00405130+      __near std::bad_exception::bad_exception()
00405190+      __near std::bad_exception::bad_exception( std::bad_exception const __near & )
004051e0+      __near std::bad_exception::~bad_exception()
00404e24*      __wcpp_4_catch_done__
00404e8c       __wcpp_4_throw__
00404ed4*      __wcpp_4_throw_zero__
00404f20*      __wcpp_4_rethrow__
Module: C:\WATCOM\lib386\nt\clib3r.lib(alphabet.c)
004052c0       ___Alphabet
Module: C:\WATCOM\lib386\nt\plbx3r.lib(ostadpre.cpp)
004052f0       void __near __AddPrefix( char, char __near *, int __near &, int, long )
Module: C:\WATCOM\lib386\nt\clib3r.lib(strupr.c)
00405350       strupr_
Module: C:\WATCOM\lib386\nt\plbx3r.lib(stabdtor.cpp)
00405614       __wcpp_4_destruct_internal__
00405634*      __wcpp_4_destruct_all__
00405638*      __wcpp_4_destruct__
Module: C:\WATCOM\lib386\nt\plbx3r.lib(stabdisp.cpp)
00405888       __wcpp_4_dispatchable__
Module: C:\WATCOM\lib386\nt\clib3r.lib(mem.c)
004058d0       __MemAllocator
00405980       __MemFree
Module: C:\WATCOM\lib386\nt\clib3r.lib(nmemneed.c)
00405ac0       __nmemneed_
Module: C:\WATCOM\lib386\nt\clib3r.lib(grownear.c)
00405c10       __ExpandDGROUP_
Module: C:\WATCOM\lib386\nt\clib3r.lib(initrtns.c)
00405c60       __InitRtns
00405cb0       __FiniRtns
Module: C:\WATCOM\lib386\nt\clib3r.lib(mthrdini.c)
00405d10       __InitThreadData_
0040df64       ___ThreadDataSize
Module: C:\WATCOM\lib386\nt\clib3r.lib(cmain386.c)
00405d40       __CMain
Module: C:\WATCOM\lib386\nt\clib3r.lib(dosseg)
00001234       __DOSseg__
Module: C:\WATCOM\lib386\nt\clib3r.lib(noefgfmt.c)
0040df68       ___EFG_printf
0040df6c       ___EFG_scanf
Module: C:\WATCOM\lib386\math387r.lib(efgfmt.c)
00405dc0       _EFG_Format_
Module: C:\WATCOM\lib386\math387r.lib(strtod.c)
0040643e+      __Strtold_
004065a5       strtod_
Module: C:\WATCOM\lib386\math387r.lib(ldclass.c)
004066e9       __LDClass_
00406739*      _FLClass_
Module: C:\WATCOM\lib386\nt\clib3r.lib(8087cw.c)
0040df70       __8087cw
Module: C:\WATCOM\lib386\nt\clib3r.lib(save8087.c)
0040df74       ___Save8087
0040df78       ___Rest8087
Module: C:\WATCOM\lib386\nt\clib3r.lib(ini87386.asm)
00406754       __x87id
Module: C:\WATCOM\lib386\nt\clib3r.lib(hdlman.c)
0040df7c+      ___NHandles
00406790+      __growPOSIXHandles_
00406830+      __allocPOSIXHandle_
004068f0       __freePOSIXHandle_
00406910       __getOSHandle_
00406920       __setOSHandle_
00406970+      __NTGetFakeHandle_
004069e0       __initPOSIXHandles_
00406ac0*      __set_handles_
00406ad0*      _grow_handles_
Module: C:\WATCOM\lib386\nt\clib3r.lib(environ.c)
004106cc       ___env_mask
004106d0       _environ
004106d4       __wenviron
Module: C:\WATCOM\lib386\nt\clib3r.lib(getmodfn.c)
00406b10       __lib_GetModuleFileNameW_
Module: C:\WATCOM\lib386\nt\clib3r.lib(strdup.c)
00406bb0       __clib_strdup_
00406bb0*      strdup_
Module: C:\WATCOM\lib386\nt\clib3r.lib(istable.c)
00406bf0       __IsTable
Module: C:\WATCOM\lib386\nt\clib3r.lib(ustrdup.c)
00406cf1       __clib_wcsdup_
00406cf1*      _wcsdup_
Module: C:\WATCOM\lib386\nt\clib3r.lib(uisspace.c)
00406d18       iswspace_
Module: C:\WATCOM\lib386\nt\clib3r.lib(excptwnt.c)
004073a0+      ___ReportException@4
004077f0       __DefaultExceptionHandler_
00407830+      ___ExceptionFilter
00407a40       __NewExceptionFilter_
00407a70       __DoneExceptionFilter_
0040df90       ___oscode_check_func
0040df94       ___raise_func
004106d8*      _sw
004106dc+      ___ReportInvoked
004106dd+      ___ExceptionHandled
Module: C:\WATCOM\lib386\nt\clib3r.lib(stklmwnt.c)
00407ab0       __init_stack_limits_
Module: C:\WATCOM\lib386\nt\clib3r.lib(exit.c)
00407b1d+      __null_int23_exit_
00407b1e       exit_
00407b5d*      _exit_
0040df98+      ___int23_exit
0040df9c+      ___FPE_handler_exit
Module: C:\WATCOM\lib386\nt\clib3r.lib(initfile.c)
00407bb0       __InitFiles_
Module: C:\WATCOM\lib386\nt\clib3r.lib(ioexit.c)
00407cb0*      fcloseall_
00407cc0       __full_io_exit_
Module: C:\WATCOM\lib386\nt\plbx3r.lib(pure_err.cpp)
00407cd0       __wcpp_4_pure_error__
Module: C:\WATCOM\lib386\nt\plbx3r.lib(prwdata.cpp)
004106e0       __wint_pure_error_flag
004106e2       __wint_undef_vfun_flag
004106e4       __wint_module_init
Module: C:\WATCOM\lib386\nt\clib3r.lib(fwrite.c)
00407d00       fwrite_
Module: C:\WATCOM\lib386\nt\clib3r.lib(memmove.c)
00407f10       memmove_
Module: C:\WATCOM\lib386\nt\clib3r.lib(fgetc.c)
00407f70+      __fill_buffer_
00408070       fgetc_
Module: C:\WATCOM\lib386\nt\plbx3r.lib(stfsetb.cpp)
00408130       void __near std::streambuf::setb( char __near *, char __near *, int )
Module: C:\WATCOM\lib386\nt\clib3r.lib(liballoc.c)
00408190       _plib_malloc_
004081a0       _plib_free_
Module: C:\WATCOM\lib386\nt\plbx3r.lib(ioufrxal.cpp)
004081b0       void __near __WATCOM_ios::free_xalloc_storage( std::ios __near * )
Module: C:\WATCOM\lib386\nt\plbx3r.lib(stabadt.cpp)
004081d0+      void __near * __near dtor_the_array( _RTARCTOR __near * )
00408214+      __near _RTARCTOR::~_RTARCTOR()
0040822c       __wcpp_4_dtor_array__
Module: C:\WATCOM\lib386\nt\clib3r.lib(__lseek.c)
004082a0       __lseek_
Module: C:\WATCOM\lib386\nt\clib3r.lib(fsync.c)
004082e0       fsync_
Module: C:\WATCOM\lib386\nt\clib3r.lib(qwrit.c)
00408330       __qwrite_
Module: C:\WATCOM\lib386\nt\plbx3r.lib(exc_pr.cpp)
00408410       __near _EXC_PR::_EXC_PR( _RTCTL __near *, RW_DTREG __near *, EXCSTATE )
0040843c       __near _EXC_PR::~_EXC_PR()
0040844c       __near _EXC_PR_FREE::_EXC_PR_FREE( _RTCTL __near *, RW_DTREG __near *, EXCSTATE, ACTIVE_EXC __near * )
00408460       __near _EXC_PR_FREE::~_EXC_PR_FREE()
00408498       __near _EXC_PR_DTOR::_EXC_PR_DTOR( _RTCTL __near *, RW_DTREG __near *, EXCSTATE, ACTIVE_EXC __near * )
004084a8       __near _EXC_PR_FNEXC::_EXC_PR_FNEXC( _RTCTL __near *, RW_DTREG __near *, RW_DTREG __near *, ACTIVE_EXC __near * )
004084c8       __near _EXC_PR_FNEXC::~_EXC_PR_FNEXC()
004084d0       __near _EXC_PR_DTOR::~_EXC_PR_DTOR()
Module: C:\WATCOM\lib386\nt\plbx3r.lib(callterm.cpp)
00408500       __wcpp_4_corrupted_stack__
0040850c       __wcpp_4_call_terminate__
Module: C:\WATCOM\lib386\nt\plbx3r.lib(unexpect.cpp)
00408530       void __near std::unexpected()
Module: C:\WATCOM\lib386\nt\plbx3r.lib(tsequiv.cpp)
004085a0       __wcpp_4_ts_refed__
004085b4+      __wcpp_4_ts_pnted__
004085e4       __wcpp_4_ts_equiv__
Module: C:\WATCOM\lib386\nt\clib3r.lib(stjmp386.asm)
004086d8*      _setjmp_
00408711       longjmp_
Module: C:\WATCOM\lib386\nt\plbx3r.lib(pgmthrd.cpp)
004087a0       __wcpp_4_pgm_thread__
Module: C:\WATCOM\lib386\nt\plbx3r.lib(stabinit.cpp)
004087d0       __wcpp_4_exc_setup__
Module: C:\WATCOM\lib386\nt\plbx3r.lib(allocexc.cpp)
00408894       __wcpp_4_alloc_exc__
00408aec       __wcpp_4_free_exc__
00408b24       __wcpp_4_find_active__
00408b40       __wcpp_4_dtor_free_exc__
Module: C:\WATCOM\lib386\nt\plbx3r.lib(stabtrav.cpp)
00408c10       __wcpp_4_stab_entry__
00408c28*      __wcpp_4_stab_trav_comp__
00408d08       __wcpp_4_stab_trav_init__
00408d2c       __wcpp_4_stab_trav_next__
00408d84       __wcpp_4_stab_trav_move__
Module: C:\WATCOM\lib386\nt\clib3r.lib(amblksiz.c)
0040dfb4       __amblksiz
Module: C:\WATCOM\lib386\nt\clib3r.lib(nheapmin.c)
00408d90*      _nheapshrink_
00408d90*      _nheapmin_
00408d90*      _heapmin_
00408d90*      _heapshrink_
00408dd0       __nheapshrink_
Module: C:\WATCOM\lib386\nt\clib3r.lib(heapen.c)
00408e20*      _heapenable_
0040dfb8       ___heap_enabled
Module: C:\WATCOM\lib386\nt\clib3r.lib(cinit.c)
00408e50       __CommonInit_
Module: C:\WATCOM\lib386\nt\clib3r.lib(___argc.c)
004106e8       ____Argc
004106ec       ____Argv
Module: C:\WATCOM\lib386\nt\clib3r.lib(rtcntrl.c)
00408e60*      _SetLD64bit_
00408e70*      _SetLD80bit_
00408e80       _LDisDouble_
Module: C:\WATCOM\lib386\nt\clib3r.lib(tolower.c)
00408e90       tolower_
Module: C:\WATCOM\lib386\math387r.lib(bufld386.asm)
00408ea0       __ZBuf2LD
Module: C:\WATCOM\lib386\nt\clib3r.lib(seterrno.c)
00408f43*      __set_EDOM_
00408f51       __set_ERANGE_
00408f5f*      __set_EINVAL_
Module: C:\WATCOM\lib386\math387r.lib(inf_nan.c)
00408f72*      ___f_infinity
00408f76*      ___f_posqnan
00408f7a       ___d_infinity
00408f82       ___d_posqnan
00408f8a*      ___ld_infinity
00408f92*      ___ld_posqnan
Module: C:\WATCOM\lib386\nt\clib3r.lib(hugeval.c)
00408fa0       __HugeValue
Module: C:\WATCOM\lib386\nt\clib3r.lib(nrealloc.c)
00408fb0*      _nrealloc_
00408fb0       realloc_
Module: C:\WATCOM\lib386\nt\clib3r.lib(iomode.c)
00409030       __GetIOMode_
00409050       __SetIOMode_nogrow_
0040dfc0       ___NFiles
0040dfc4       ___init_mode
0040e014       ___io_mode
Module: C:\WATCOM\lib386\nt\clib3r.lib(stiomode.c)
00409070       __grow_iomode_
00409140+      __shrink_iomode_
00409180       __SetIOMode_
Module: C:\WATCOM\lib386\nt\clib3r.lib(setenvp.c)
00409200       __setenvp_
004092d0       __freeenvp_
Module: C:\WATCOM\lib386\nt\clib3r.lib(ustrlen.c)
0040931d       wcslen_
Module: C:\WATCOM\lib386\nt\clib3r.lib(conutwnt.c)
00409340       __NTRealKey_
004093f0       __NTConsoleInput_
00409400       __NTConsoleOutput_
Module: C:\WATCOM\lib386\nt\clib3r.lib(fclex387.c)
00409410       _ClearFPE_
Module: C:\WATCOM\lib386\nt\clib3r.lib(signlwnt.c)
00409620       __sigfpe_handler_
00409670*      signal_
00409700+      raise_
Module: C:\WATCOM\lib386\nt\clib3r.lib(fclose.c)
00409820+      __doclose_
004098d0       __shutdown_stream_
004098f0*      fclose_
004106f8+      ___RmTmpFileFn
Module: C:\WATCOM\lib386\nt\clib3r.lib(freefp.c)
00409940       __freefp_
00409980       __purgefp_
Module: C:\WATCOM\lib386\nt\clib3r.lib(ioalloc.c)
004099b0       __ioalloc_
Module: C:\WATCOM\lib386\nt\clib3r.lib(fputc.c)
00409a50       fputc_
Module: C:\WATCOM\lib386\nt\clib3r.lib(flushall.c)
00409b30       __flushall_
00409b70*      flushall_
Module: C:\WATCOM\lib386\nt\clib3r.lib(gtchewnt.c)
00409b80       getche_
Module: C:\WATCOM\lib386\nt\clib3r.lib(qread.c)
00409bb0       __qread_
Module: C:\WATCOM\lib386\nt\clib3r.lib(dosret.c)
00409c20*      __dosretax
00409c30*      __dosret0
00409c40       __set_errno_dos_
00409c80*      __set_errno_dos_reterr_
00409c90       __set_errno_nt_
00409ca0*      __set_errno_nt_reterr_
Module: C:\WATCOM\lib386\nt\plbx3r.lib(termnate.cpp)
00409cc0       void __near std::terminate()
Module: C:\WATCOM\lib386\nt\clib3r.lib(cmp386.asm)
00409cf0       strcmp_
Module: C:\WATCOM\lib386\nt\clib3r.lib(ljmphdl.c)
0040e190       ___longjmp_handler
Module: C:\WATCOM\lib386\nt\plbx3r.lib(areaexc.cpp)
0040e194       ___EXC_AREA
Module: C:\WATCOM\lib386\nt\plbx3r.lib(tssize.cpp)
00409e64       __wcpp_4_ts_size__
Module: C:\WATCOM\lib386\nt\plbx3r.lib(bittest.cpp)
00409ea0       __wcpp_4_bit_test__
00409ec0       __wcpp_4_bit_off__
Module: C:\WATCOM\lib386\nt\clib3r.lib(nheapunl.c)
00409ee0       __UnlinkNHeap_
Module: C:\WATCOM\lib386\nt\clib3r.lib(nmsize.c)
00409f40       _nmsize_
00409f40*      _msize_
Module: C:\WATCOM\lib386\nt\clib3r.lib(nexpand.c)
00409f50       _nexpand_
00409f50*      _expand_
Module: C:\WATCOM\lib386\nt\clib3r.lib(iomodtty.c)
00409f80       __ChkTTYIOMode_
00409fc0*      __IOMode_
Module: C:\WATCOM\lib386\nt\clib3r.lib(dofilstr.c)
0040a000       __ParsePosixHandleStr_
Module: C:\WATCOM\lib386\nt\clib3r.lib(clearenv.c)
0040a120       clearenv_
Module: C:\WATCOM\lib386\nt\clib3r.lib(abort.c)
0040a1c5*      abort_
0040a1d9       __terminate_
0040f1b0       ___abort
Module: C:\WATCOM\lib386\nt\clib3r.lib(_clsewnt.c)
0040a1f0       __close_
Module: C:\WATCOM\lib386\nt\clib3r.lib(chktty.c)
0040a250       __chktty_
Module: C:\WATCOM\lib386\nt\clib3r.lib(getchwnt.c)
0040a390       getch_
Module: C:\WATCOM\lib386\nt\clib3r.lib(putchwnt.c)
0040a400       putch_
Module: C:\WATCOM\lib386\nt\clib3r.lib(_expand.c)
0040a450       __HeapManager_expand_
Module: C:\WATCOM\lib386\nt\clib3r.lib(isattwnt.c)
0040a590       isatty_
Module: C:\WATCOM\lib386\nt\clib3r.lib(getenv.c)
0040a5b0       getenv_
Module: C:\WATCOM\lib386\nt\clib3r.lib(strncpy.c)
0040a650       strncpy_
Module: C:\WATCOM\lib386\nt\clib3r.lib(strtol.c)
0040a8a0*      strtoul_
0040a8b0       strtol_
Module: C:\WATCOM\lib386\nt\clib3r.lib(putenv.c)
0040a8c0       putenv_
Module: C:\WATCOM\lib386\nt\clib3r.lib(mbterm.c)
0040aa70       _mbterm_
Module: C:\WATCOM\lib386\nt\clib3r.lib(mbsnextc.c)
0040aab0       _mbsnextc_
Module: C:\WATCOM\lib386\nt\clib3r.lib(mbcupper.c)
0040aaf0       _mbctoupper_
Module: C:\WATCOM\lib386\nt\clib3r.lib(mbsinc.c)
0040ab20       _mbsinc_
Module: C:\WATCOM\lib386\nt\clib3r.lib(mbschr.c)
0040ab50       _mbschr_
Module: C:\WATCOM\lib386\nt\clib3r.lib(mbslen.c)
0040abb0       _mbslen_
Module: C:\WATCOM\lib386\nt\clib3r.lib(_putenv.c)
0040abe0       __putenv_
Module: C:\WATCOM\lib386\nt\clib3r.lib(mbstowcs.c)
0040ac70       mbstowcs_
Module: C:\WATCOM\lib386\nt\clib3r.lib(_uputenv.c)
0040acf0       __wputenv_
Module: C:\WATCOM\lib386\nt\clib3r.lib(mbisdbcs.c)
0040f244       ___IsDBCS
Module: C:\WATCOM\lib386\nt\clib3r.lib(mbislead.c)
0040ad60*      _ismbblead_
00410708       ___MBCSIsTable
Module: C:\WATCOM\lib386\nt\clib3r.lib(mbconv.c)
0040ad80       _mbvtop_
Module: C:\WATCOM\lib386\nt\clib3r.lib(mbclen.c)
0040ada0       _mbclen_
Module: C:\WATCOM\lib386\nt\clib3r.lib(mbccmp.c)
0040add0       _mbccmp_
Module: C:\WATCOM\lib386\nt\clib3r.lib(_findenv.c)
0040af50       __findenv_
Module: C:\WATCOM\lib386\nt\clib3r.lib(mbtowc.c)
0040b070       mbtowc_
Module: C:\WATCOM\lib386\nt\clib3r.lib(_ufinden.c)
0040b1c0       __wfindenv_
Module: C:\WATCOM\lib386\nt\clib3r.lib(mbinit.c)
0040b2c8       __mbinit_
0040f248       ___MBCodePage
Module: C:\WATCOM\lib386\nt\clib3r.lib(utoupper.c)
0040b387       towupper_


                        +----------------------+
                        |   Imported Symbols   |
                        +----------------------+

Symbol                              Module
======                              ======

_GetStdHandle@4                     KERNEL32.DLL
_WriteFile@20                       KERNEL32.DLL
_GetVersion@0                       KERNEL32.DLL
_GetModuleHandleA@4                 KERNEL32.DLL
_GetProcAddress@8                   KERNEL32.DLL
_GetModuleFileNameA@12              KERNEL32.DLL
_GetCommandLineA@0                  KERNEL32.DLL
_GetCommandLineW@0                  KERNEL32.DLL
_ExitProcess@4                      KERNEL32.DLL
_RtlUnwind@16                       KERNEL32.DLL
_RaiseException@16                  KERNEL32.DLL
_VirtualAlloc@16                    KERNEL32.DLL
_GetCurrentThreadId@0               KERNEL32.DLL
_SetStdHandle@8                     KERNEL32.DLL
_CreateEventA@16                    KERNEL32.DLL
_CloseHandle@4                      KERNEL32.DLL
_GetModuleFileNameW@12              KERNEL32.DLL
_MultiByteToWideChar@24             KERNEL32.DLL
_LoadLibraryA@4                     KERNEL32.DLL
_SetUnhandledExceptionFilter@4      KERNEL32.DLL
_UnhandledExceptionFilter@4         KERNEL32.DLL
_VirtualQuery@12                    KERNEL32.DLL
_SetFilePointer@16                  KERNEL32.DLL
_FlushFileBuffers@4                 KERNEL32.DLL
_GetLastError@0                     KERNEL32.DLL
_VirtualFree@12                     KERNEL32.DLL
_CreateFileA@28                     KERNEL32.DLL
_SetConsoleCtrlHandler@8            KERNEL32.DLL
_ReadFile@20                        KERNEL32.DLL
_ReadConsoleInputA@16               KERNEL32.DLL
_GetConsoleMode@8                   KERNEL32.DLL
_SetConsoleMode@8                   KERNEL32.DLL
_WriteConsoleA@20                   KERNEL32.DLL
_GetFileType@4                      KERNEL32.DLL
_SetEnvironmentVariableA@8          KERNEL32.DLL
_CharUpperA@4                       USER32.DLL
_GetACP@0                           KERNEL32.DLL
_GetOEMCP@0                         KERNEL32.DLL
_GetCPInfo@8                        KERNEL32.DLL


                        +--------------------+
                        |   Libraries Used   |
                        +--------------------+

C:\WATCOM\lib386\nt\kernel32.lib
C:\WATCOM\lib386\nt\user32.lib
C:\WATCOM\lib386\emu387.lib
C:\WATCOM\lib386\math387r.lib
C:\WATCOM\lib386\nt\plbx3r.lib
C:\WATCOM\lib386\nt\clib3r.lib


                        +-----------------------+
                        |   Linker Statistics   |
                        +-----------------------+

Stack size:  00100000 (1048576.)
Memory size:  e0cd (57549.)
Entry point address: 004020a0
Link time: 00:00.79
